[     611ms] [WARNING] [GPT] PubAdsService.setTargeting is deprecated, use googletag.setConfig({targeting: ...}) instead.
https://goo.gle/gpt-message#170 @ https://securepubads.g.doubleclick.net/pagead/managed/js/gpt/m202607070101/pubads_impl.js:18
[     622ms] [WARNING] [GPT] Ignoring the setConfig.singleRequest() call since the service is already enabled.
https://goo.gle/gpt-message#60 @ https://securepubads.g.doubleclick.net/pagead/managed/js/gpt/m202607070101/pubads_impl.js:18
[     644ms] [LOG] JQMIGRATE: Migrate is installed with logging active, version 3.4.1 @ https://c0.wp.com/c/7.0.1/wp-includes/js/jquery/jquery-migrate.js:103
[     802ms] [WARNING] JQMIGRATE: jQuery.fn.click() event shorthand is deprecated @ https://c0.wp.com/c/7.0.1/wp-includes/js/jquery/jquery-migrate.js:135
[     823ms] [WARNING] JQMIGRATE: jQuery.fn.mouseenter() event shorthand is deprecated @ https://c0.wp.com/c/7.0.1/wp-includes/js/jquery/jquery-migrate.js:135
[     824ms] [WARNING] JQMIGRATE: jQuery.fn.mouseleave() event shorthand is deprecated @ https://c0.wp.com/c/7.0.1/wp-includes/js/jquery/jquery-migrate.js:135
[     824ms] [WARNING] JQMIGRATE: jQuery.type is deprecated @ https://c0.wp.com/c/7.0.1/wp-includes/js/jquery/jquery-migrate.js:135
[     848ms] [WARNING] JQMIGRATE: jQuery.fn.focus() event shorthand is deprecated @ https://c0.wp.com/c/7.0.1/wp-includes/js/jquery/jquery-migrate.js:135
[     849ms] [WARNING] JQMIGRATE: jQuery.fn.load() is deprecated @ https://c0.wp.com/c/7.0.1/wp-includes/js/jquery/jquery-migrate.js:135
[     849ms] [WARNING] JQMIGRATE: jQuery.fn.resize() event shorthand is deprecated @ https://c0.wp.com/c/7.0.1/wp-includes/js/jquery/jquery-migrate.js:135
[     856ms] [WARNING] JQMIGRATE: jQuery.fn.keyup() event shorthand is deprecated @ https://c0.wp.com/c/7.0.1/wp-includes/js/jquery/jquery-migrate.js:135
[     871ms] [LOG] Hello world 123! @ https://www.bbcgoodfoodme.com/:1513
[    1168ms] [ERROR] Attestation check for Shared Storage on https://www.googleadservices.com failed. @ https://www.googleadservices.com/pagead/managed/js/activeview/current/reach_worklet.html:0
[    1168ms] [ERROR] Attestation check for Shared Storage on https://www.googleadservices.com failed. @ https://www.googleadservices.com/pagead/managed/js/activeview/current/reach_worklet.html:0
[    1168ms] [ERROR] Attestation check for Shared Storage on https://www.googleadservices.com failed. @ https://www.googleadservices.com/pagead/managed/js/activeview/current/reach_worklet.html:0
[    1168ms] [ERROR] Attestation check for Shared Storage on https://www.googleadservices.com failed. @ https://www.googleadservices.com/pagead/managed/js/activeview/current/reach_worklet.html:0
[    1291ms] [ERROR] Attestation check for Shared Storage on https://www.googleadservices.com failed. @ https://www.googleadservices.com/pagead/managed/js/activeview/current/reach_worklet.html:0
[    1406ms] [ERROR] Failed to load resource: the server responded with a status of 404 () @ https://www.bbcgoodfoodme.com/wp-content/uploads/sb-instagram-feed-images/720065098_18596470804004668_427645205145294410_nlow.webp:0
[    1421ms] [ERROR] Failed to load resource: the server responded with a status of 404 () @ https://www.bbcgoodfoodme.com/wp-content/uploads/sb-instagram-feed-images/728868042_18602860840004668_7748948696157853746_nlow.webp:0
[    1435ms] [ERROR] Failed to load resource: the server responded with a status of 404 () @ https://www.bbcgoodfoodme.com/wp-content/uploads/sb-instagram-feed-images/721410851_18600755623004668_3535002554535713892_nlow.webp:0
[    1436ms] [ERROR] Failed to load resource: the server responded with a status of 404 () @ https://www.bbcgoodfoodme.com/wp-content/uploads/sb-instagram-feed-images/730381777_18602877007004668_4437036893956189672_nlow.webp:0
[    1450ms] [ERROR] Attestation check for Shared Storage on https://www.googleadservices.com failed. @ https://www.googleadservices.com/pagead/managed/js/activeview/current/reach_worklet.html:0
[    1521ms] [ERROR] Attestation check for Shared Storage on https://www.googleadservices.com failed. @ https://www.googleadservices.com/pagead/managed/js/activeview/current/reach_worklet.html:0
[    1650ms] [ERROR] Failed to load resource: the server responded with a status of 403 () @ https://scontent-iad3-1.cdninstagram.com/v/t51.82787-15/720065098_18596470804004668_427645205145294410_n.jpg?stp=dst-jpg_e35_tt6&_nc_cat=104&ccb=7-5&_nc_sid=18de74&efg=eyJlZmdfdGFnIjoiQ0FST1VTRUxfSVRFTS5iZXN0X2ltYWdlX3VybGdlbi5DMyJ9&_nc_ohc=dCuF6geYoxMQ7kNvwH9MBWu&_nc_oc=AdqeqalotXW2ugX-9mFLZ1kV-F4VsMw9eO3DCZSkpaqNwHYFI5ewaFBirsj9w3kqdWU&_nc_zt=23&_nc_ht=scontent-iad3-1.cdninstagram.com&edm=AM6HXa8EAAAA&_nc_gid=JFmHWQugOVFM992sRVNn_g&oh=00_AQDq7kUzxI2xwSMXCsETzNQOFPOJE8-xVlMzC33Q-8_OTQ&oe=6A529AD8:0
[    1659ms] [ERROR] Failed to load resource: the server responded with a status of 403 () @ https://scontent-iad6-1.cdninstagram.com/v/t51.82787-15/728868042_18602860840004668_7748948696157853746_n.jpg?stp=dst-jpg_e35_tt6&_nc_cat=102&ccb=7-5&_nc_sid=18de74&efg=eyJlZmdfdGFnIjoiQ0xJUFMuYmVzdF9pbWFnZV91cmxnZW4uQzMifQ%3D%3D&_nc_ohc=8gLu78ZxpOAQ7kNvwGVkxUT&_nc_oc=Adp8QcsehZHJvjHasBO56Lnopw486D54EYLgXbbTKL1CNZYOvaSyzwJNOiS-PVLdjfI&_nc_zt=23&_nc_ht=scontent-iad6-1.cdninstagram.com&edm=AM6HXa8EAAAA&_nc_gid=JFmHWQugOVFM992sRVNn_g&_nc_tpa=Q5bMBQEAb3EFRo96ju6fL8h6NSoZqJVz7p1CSkhSmKPHR8Wb88FiTOxkpHE2OlTwc53rMu2v2SMnMjEv&oh=00_AQATLDvx3PVP32pj4Hyi1QKgP3IcBV9SNlHcahGMC5kGTA&oe=6A527194:0
[    1666ms] [ERROR] Failed to load resource: the server responded with a status of 403 () @ https://scontent-iad6-1.cdninstagram.com/v/t51.82787-15/721410851_18600755623004668_3535002554535713892_n.jpg?stp=dst-jpg_e35_tt6&_nc_cat=102&ccb=7-5&_nc_sid=18de74&efg=eyJlZmdfdGFnIjoiQ0xJUFMuYmVzdF9pbWFnZV91cmxnZW4uQzMifQ%3D%3D&_nc_ohc=TxBbm3pmW1sQ7kNvwEqGTsM&_nc_oc=AdrfZpMr74gwm3OILvSnRm5hZlc_0qKXNEfVDBNLmuwHRvEuwzyRMqJBfvVlkMXxF3s&_nc_zt=23&_nc_ht=scontent-iad6-1.cdninstagram.com&edm=AM6HXa8EAAAA&_nc_gid=JFmHWQugOVFM992sRVNn_g&_nc_tpa=Q5bMBQGtWk_psNLe5ngj-Tt5Q2W08aKlNLavYaMy9GfzrdIub-LUCOY2bmM813G_Q3z1vIzpo8nGkE7n&oh=00_AQA5gBeZeE92Q5Hsd1NTJp9zCjxe0r044LZPRtPOrf7EZg&oe=6A527B4F:0
[    1666ms] [ERROR] Failed to load resource: the server responded with a status of 403 () @ https://scontent-iad6-1.cdninstagram.com/v/t51.82787-15/730381777_18602877007004668_4437036893956189672_n.jpg?stp=dst-jpg_e35_tt6&_nc_cat=100&ccb=7-5&_nc_sid=18de74&efg=eyJlZmdfdGFnIjoiQ0xJUFMuYmVzdF9pbWFnZV91cmxnZW4uQzMifQ%3D%3D&_nc_ohc=P8Y_50K-qw4Q7kNvwHvYAvY&_nc_oc=Adqhhqh80J1MAIpBUOgYYsT3hwXcoacKtubTeQD9SXF9yzR5GvzeiIGRMBwVgXNJnkw&_nc_zt=23&_nc_ht=scontent-iad6-1.cdninstagram.com&edm=AM6HXa8EAAAA&_nc_gid=JFmHWQugOVFM992sRVNn_g&_nc_tpa=Q5bMBQF1ZRNpb6YZ1O7VcfhuvNZdm1HmhfjdsdlZZbbLHEynzVvc_XYCrirbup94jyQ_YL_Fd_KX-F-4&oh=00_AQCV-Uywn5yU384Fa-FRxMzsLTtQi0_HD0W5YHHYxu8p5g&oe=6A528020:0
[    1669ms] [LOG] unfixed error https://scontent-iad3-1.cdninstagram.com/v/t51.82787-15/720065098_18596470804004668_427645205145294410_n.jpg?stp=dst-jpg_e35_tt6&_nc_cat=104&ccb=7-5&_nc_sid=18de74&efg=eyJlZmdfdGFnIjoiQ0FST1VTRUxfSVRFTS5iZXN0X2ltYWdlX3VybGdlbi5DMyJ9&_nc_ohc=dCuF6geYoxMQ7kNvwH9MBWu&_nc_oc=AdqeqalotXW2ugX-9mFLZ1kV-F4VsMw9eO3DCZSkpaqNwHYFI5ewaFBirsj9w3kqdWU&_nc_zt=23&_nc_ht=scontent-iad3-1.cdninstagram.com&edm=AM6HXa8EAAAA&_nc_gid=JFmHWQugOVFM992sRVNn_g&oh=00_AQDq7kUzxI2xwSMXCsETzNQOFPOJE8-xVlMzC33Q-8_OTQ&oe=6A529AD8 @ https://www.bbcgoodfoodme.com/wp-content/plugins/instagram-feed/js/sbi-scripts.js?ver=6.11.3:662
[    1678ms] [LOG] unfixed error https://scontent-iad6-1.cdninstagram.com/v/t51.82787-15/728868042_18602860840004668_7748948696157853746_n.jpg?stp=dst-jpg_e35_tt6&_nc_cat=102&ccb=7-5&_nc_sid=18de74&efg=eyJlZmdfdGFnIjoiQ0xJUFMuYmVzdF9pbWFnZV91cmxnZW4uQzMifQ%3D%3D&_nc_ohc=8gLu78ZxpOAQ7kNvwGVkxUT&_nc_oc=Adp8QcsehZHJvjHasBO56Lnopw486D54EYLgXbbTKL1CNZYOvaSyzwJNOiS-PVLdjfI&_nc_zt=23&_nc_ht=scontent-iad6-1.cdninstagram.com&edm=AM6HXa8EAAAA&_nc_gid=JFmHWQugOVFM992sRVNn_g&_nc_tpa=Q5bMBQEAb3EFRo96ju6fL8h6NSoZqJVz7p1CSkhSmKPHR8Wb88FiTOxkpHE2OlTwc53rMu2v2SMnMjEv&oh=00_AQATLDvx3PVP32pj4Hyi1QKgP3IcBV9SNlHcahGMC5kGTA&oe=6A527194 @ https://www.bbcgoodfoodme.com/wp-content/plugins/instagram-feed/js/sbi-scripts.js?ver=6.11.3:662
[    1679ms] [LOG] unfixed error https://scontent-iad6-1.cdninstagram.com/v/t51.82787-15/721410851_18600755623004668_3535002554535713892_n.jpg?stp=dst-jpg_e35_tt6&_nc_cat=102&ccb=7-5&_nc_sid=18de74&efg=eyJlZmdfdGFnIjoiQ0xJUFMuYmVzdF9pbWFnZV91cmxnZW4uQzMifQ%3D%3D&_nc_ohc=TxBbm3pmW1sQ7kNvwEqGTsM&_nc_oc=AdrfZpMr74gwm3OILvSnRm5hZlc_0qKXNEfVDBNLmuwHRvEuwzyRMqJBfvVlkMXxF3s&_nc_zt=23&_nc_ht=scontent-iad6-1.cdninstagram.com&edm=AM6HXa8EAAAA&_nc_gid=JFmHWQugOVFM992sRVNn_g&_nc_tpa=Q5bMBQGtWk_psNLe5ngj-Tt5Q2W08aKlNLavYaMy9GfzrdIub-LUCOY2bmM813G_Q3z1vIzpo8nGkE7n&oh=00_AQA5gBeZeE92Q5Hsd1NTJp9zCjxe0r044LZPRtPOrf7EZg&oe=6A527B4F @ https://www.bbcgoodfoodme.com/wp-content/plugins/instagram-feed/js/sbi-scripts.js?ver=6.11.3:662
[    1679ms] [LOG] unfixed error https://scontent-iad6-1.cdninstagram.com/v/t51.82787-15/730381777_18602877007004668_4437036893956189672_n.jpg?stp=dst-jpg_e35_tt6&_nc_cat=100&ccb=7-5&_nc_sid=18de74&efg=eyJlZmdfdGFnIjoiQ0xJUFMuYmVzdF9pbWFnZV91cmxnZW4uQzMifQ%3D%3D&_nc_ohc=P8Y_50K-qw4Q7kNvwHvYAvY&_nc_oc=Adqhhqh80J1MAIpBUOgYYsT3hwXcoacKtubTeQD9SXF9yzR5GvzeiIGRMBwVgXNJnkw&_nc_zt=23&_nc_ht=scontent-iad6-1.cdninstagram.com&edm=AM6HXa8EAAAA&_nc_gid=JFmHWQugOVFM992sRVNn_g&_nc_tpa=Q5bMBQF1ZRNpb6YZ1O7VcfhuvNZdm1HmhfjdsdlZZbbLHEynzVvc_XYCrirbup94jyQ_YL_Fd_KX-F-4&oh=00_AQCV-Uywn5yU384Fa-FRxMzsLTtQi0_HD0W5YHHYxu8p5g&oe=6A528020 @ https://www.bbcgoodfoodme.com/wp-content/plugins/instagram-feed/js/sbi-scripts.js?ver=6.11.3:662
