[    4600ms] [ERROR] TCC V2 :: Consent value is not an array or empty [] @ https://www.tasteofhome.com/wp-content/plugins/tmbi-cookie-compliance-v2/scripts/common.js?ver=1.2.0:47
[    7280ms] undefined
[    7794ms] [WARNING] [carousel] Dispatching manual event: homepage-carousel-section not found @ :33
[    7992ms] [WARNING] %cPrebid display: inline-block; color: #fff; background: #3b88c3; padding: 1px 4px; border-radius: 3px; WARNING: module humansecurity is loading external JavaScript @ https://p3y4viy58ctaw5axk.ay.delivery/client-v2.js:6
[    7997ms] [WARNING] %cPrebid display: inline-block; color: #fff; background: #3b88c3; padding: 1px 4px; border-radius: 3px; WARNING: consentManagement.gpp config not defined, exiting consent manager module @ https://p3y4viy58ctaw5axk.ay.delivery/client-v2.js:6
[    7998ms] [WARNING] %cPrebid display: inline-block; color: #fff; background: #3b88c3; padding: 1px 4px; border-radius: 3px; WARNING: consentManagement.gdpr config not defined, exiting consent manager module @ https://p3y4viy58ctaw5axk.ay.delivery/client-v2.js:6
[    7999ms] [WARNING] %cPrebid display: inline-block; color: #fff; background: #3b88c3; padding: 1px 4px; border-radius: 3px; WARNING: consentManagement.usp config not defined, using defaults @ https://p3y4viy58ctaw5axk.ay.delivery/client-v2.js:6
[    8001ms] [WARNING] %cPrebid display: inline-block; color: #fff; background: #3b88c3; padding: 1px 4px; border-radius: 3px; WARNING: TCF2: enforcing P1 and P2 by default @ https://p3y4viy58ctaw5axk.ay.delivery/client-v2.js:6
[    8620ms] [WARNING] [GPT] PubAdsService.isInitialLoadDisabled is deprecated, use googletag.getConfig('disableInitialLoad') instead.
https://goo.gle/gpt-message#200 @ https://p3y4viy58ctaw5axk.ay.delivery/client-v2.js:6
[    8639ms] [WARNING] [GPT] Slot.setTargeting is deprecated, use Slot.setConfig({targeting: ...}) instead.
https://goo.gle/gpt-message#171 @ https://p3y4viy58ctaw5axk.ay.delivery/client-v2.js:6
[    9230ms] [WARNING] %cPrebid%cpubmatic display: inline-block; color: #fff; background: #3b88c3; padding: 1px 4px; border-radius: 3px; display: inline-block; color: #fff; background: #aaa; padding: 1px 4px; border-radius: 3px; WARNING: Skipping GZIP compression for pubmatic as debug mode is enabled @ https://p3y4viy58ctaw5axk.ay.delivery/client-v2.js:6
[    9620ms] [ERROR] %cPrebid display: inline-block; color: #fff; background: #3b88c3; padding: 1px 4px; border-radius: 3px; ERROR: connectId module: UPS response returned an invalid payload {} @ https://p3y4viy58ctaw5axk.ay.delivery/client-v2.js:6
[   10170ms] [ERROR] %cPrebid display: inline-block; color: #fff; background: #3b88c3; padding: 1px 4px; border-radius: 3px; ERROR: 33acrossId: Unsuccessful response Country not allowed @ https://p3y4viy58ctaw5axk.ay.delivery/client-v2.js:6
[   10286ms] [WARNING] %cPrebid display: inline-block; color: #fff; background: #3b88c3; padding: 1px 4px; border-radius: 3px; WARNING: getAllPrebidWinningBids may be removed or renamed in a future version. This function returns bids that have won in prebid and have had targeting set but have not (yet?) won in the ad server. It excludes bids that have been rendered. @ https://p3y4viy58ctaw5axk.ay.delivery/client-v2.js:6
[   10287ms] [WARNING] %cPrebid display: inline-block; color: #fff; background: #3b88c3; padding: 1px 4px; border-radius: 3px; WARNING: getAllPrebidWinningBids may be removed or renamed in a future version. This function returns bids that have won in prebid and have had targeting set but have not (yet?) won in the ad server. It excludes bids that have been rendered. @ https://p3y4viy58ctaw5axk.ay.delivery/client-v2.js:6
[   10288ms] [WARNING] %cPrebid display: inline-block; color: #fff; background: #3b88c3; padding: 1px 4px; border-radius: 3px; WARNING: getAllPrebidWinningBids may be removed or renamed in a future version. This function returns bids that have won in prebid and have had targeting set but have not (yet?) won in the ad server. It excludes bids that have been rendered. @ https://p3y4viy58ctaw5axk.ay.delivery/client-v2.js:6
[   10310ms] [ERROR] Failed to load resource: the server responded with a status of 400 () @ https://match.prod.bidr.io/cookie-sync/ox?gdpr=0&gdpr_consent=null:0
[   10431ms] [ERROR] Refused to execute script from 'https://srv.bidgx.com/sync?p=connatix&uid=3-755c12f8950b457c9c55394493becca8&redir=https%3A%2F%2Fcks.connatix.com%2Fcks%3Fpid%3D58%26ev%3D3-755c12f8950b457c9c55394493becca8%26pname%3DBidgency%26api-tier%3D1%26uid%3D%24UID&gdpr=0' because its MIME type ('image/gif') is not executable. @ https://www.tasteofhome.com/recipes/banoffee-pie/:0
[   10432ms] [ERROR] Refused to execute script from 'https://srv.bidgx.com/sync?p=connatix&uid=3-755c12f8950b457c9c55394493becca8&redir=https%3A%2F%2Fcks.connatix.com%2Fcks%3Fpid%3D58%26ev%3D3-755c12f8950b457c9c55394493becca8%26pname%3DBidgency%26api-tier%3D1%26uid%3D%24UID&gdpr=0' because its MIME type ('image/gif') is not executable. @ https://www.tasteofhome.com/recipes/banoffee-pie/:0
[   10433ms] [ERROR] Failed to load resource: the server responded with a status of 451 () @ https://api.rlcdn.com/api/identity/envelope?pid=13688:0
[   10435ms] [ERROR] Syncing cannot be made with  https://srv.bidgx.com/sync?p=connatix&uid=3-755c12f8950b457c9c55394493becca8&redir=https%3A%2F%2Fcks.connatix.com%2Fcks%3Fpid%3D58%26ev%3D3-755c12f8950b457c9c55394493becca8%26pname%3DBidgency%26api-tier%3D1%26uid%3D%24UID&gdpr=0 @ https://p3y4viy58ctaw5axk.ay.delivery/client-v2.js:6
[   10436ms] [ERROR] Syncing cannot be made with  https://srv.bidgx.com/sync?p=connatix&uid=3-755c12f8950b457c9c55394493becca8&redir=https%3A%2F%2Fcks.connatix.com%2Fcks%3Fpid%3D58%26ev%3D3-755c12f8950b457c9c55394493becca8%26pname%3DBidgency%26api-tier%3D1%26uid%3D%24UID&gdpr=0 @ https://p3y4viy58ctaw5axk.ay.delivery/client-v2.js:6
[   10634ms] [ERROR] Refused to execute script from 'https://eb2.3lift.com/getuid?gpp=null&gpp_sid=null&gdpr=0&gdpr_consent=null&us_privacy=null&redir=https%3a%2f%2fcks.connatix.com%2fcks%3fpid%3d25%26ev%3d3-755c12f8950b457c9c55394493becca8%26pname%3dTripleLift%26api-tier%3d1%26uid%3d%24UID' because its MIME type ('image/gif') is not executable. @ https://www.tasteofhome.com/recipes/banoffee-pie/:0
[   10634ms] [ERROR] Syncing cannot be made with  https://eb2.3lift.com/getuid?gpp=null&gpp_sid=null&gdpr=0&gdpr_consent=null&us_privacy=null&redir=https%3a%2f%2fcks.connatix.com%2fcks%3fpid%3d25%26ev%3d3-755c12f8950b457c9c55394493becca8%26pname%3dTripleLift%26api-tier%3d1%26uid%3d%24UID @ https://p3y4viy58ctaw5axk.ay.delivery/client-v2.js:6
[   11926ms] [WARNING] %cPrebid display: inline-block; color: #fff; background: #3b88c3; padding: 1px 4px; border-radius: 3px; WARNING: getAllPrebidWinningBids may be removed or renamed in a future version. This function returns bids that have won in prebid and have had targeting set but have not (yet?) won in the ad server. It excludes bids that have been rendered. @ https://p3y4viy58ctaw5axk.ay.delivery/client-v2.js:6
[   11952ms] [WARNING] %cPrebid display: inline-block; color: #fff; background: #3b88c3; padding: 1px 4px; border-radius: 3px; WARNING: getAllPrebidWinningBids may be removed or renamed in a future version. This function returns bids that have won in prebid and have had targeting set but have not (yet?) won in the ad server. It excludes bids that have been rendered. @ https://p3y4viy58ctaw5axk.ay.delivery/client-v2.js:6
[   12148ms] [ERROR] Refused to execute script from 'https://capi.connatix.com/us/pixel?puid=8552456888642779976&pId=40&gdpr=0&gdpr_consent=' because its MIME type ('image/gif') is not executable. @ https://www.tasteofhome.com/recipes/banoffee-pie/:0
[   12148ms] [ERROR] Refused to execute script from 'https://capi.connatix.com/us/pixel?puid=8552456888642779976&pId=40&gdpr=0&gdpr_consent=' because its MIME type ('image/gif') is not executable. @ https://www.tasteofhome.com/recipes/banoffee-pie/:0
[   12167ms] [ERROR] Syncing cannot be made with  https://ssbsync.smartadserver.com/api/sync?callerId=6&nwid=3630&gdpr=0&gdpr_consent=null&url=https%3a%2f%2fcks.connatix.com%2fcks%3fpid%3d40%26ev%3d3-755c12f8950b457c9c55394493becca8%26pname%3dSmartAdServer%26api-tier%3d1%26uid%3D%5Bsas_uid%5D @ https://p3y4viy58ctaw5axk.ay.delivery/client-v2.js:6
[   12170ms] [ERROR] Syncing cannot be made with  https://ssbsync.smartadserver.com/api/sync?callerId=6&nwid=3630&gdpr=0&gdpr_consent=null&url=https%3a%2f%2fcks.connatix.com%2fcks%3fpid%3d40%26ev%3d3-755c12f8950b457c9c55394493becca8%26pname%3dSmartAdServer%26api-tier%3d1%26uid%3D%5Bsas_uid%5D @ https://p3y4viy58ctaw5axk.ay.delivery/client-v2.js:6
[   10310ms] [ERROR] Failed to load resource: the server responded with a status of 400 () @ https://match.prod.bidr.io/cookie-sync/ox?gdpr=0&gdpr_consent=null:0
[   14170ms] [ERROR] Attestation check for Attribution Reporting on https://ad.doubleclick.net failed. @ https://www.tasteofhome.com/recipes/banoffee-pie/:0
[   10310ms] [ERROR] Failed to load resource: the server responded with a status of 400 () @ https://match.prod.bidr.io/cookie-sync/ox?gdpr=0&gdpr_consent=null:0
[   14699ms] TypeError: Cannot read properties of undefined (reading 'setRushSimulatedLocalEvents')
    at https://s0.2mdn.net/sadbundle/3850456023695022868/index.html?ev=01_262:232:471
[   14746ms] [WARNING] Viafoura: TCF API is available on this site but CMP Integration is not enabled in Admin (tcf_api_cmp_integration). Please enable it for proper consent gating. @ https://p3y4viy58ctaw5axk.ay.delivery/client-v2.js:6
[   14866ms] [ERROR] Attestation check for Attribution Reporting on https://ad.doubleclick.net failed. @ https://www.tasteofhome.com/recipes/banoffee-pie/:0
[   18643ms] Invalid or unexpected token
[   18644ms] Invalid or unexpected token
[   20083ms] [ERROR] Refused to execute script from 'https://eb2.3lift.com/getuid?gpp=undefined&gpp_sid=undefined&gdpr=0&gdpr_consent=null&us_privacy=null&redir=https%3a%2f%2fcks.connatix.com%2fcks%3fpid%3d25%26ev%3d3-755c12f8950b457c9c55394493becca8%26pname%3dTripleLift%26api-tier%3d1%26uid%3d%24UID' because its MIME type ('image/gif') is not executable. @ https://www.tasteofhome.com/recipes/banoffee-pie/:0
[   20083ms] [ERROR] Syncing cannot be made with  https://eb2.3lift.com/getuid?gpp=undefined&gpp_sid=undefined&gdpr=0&gdpr_consent=null&us_privacy=null&redir=https%3a%2f%2fcks.connatix.com%2fcks%3fpid%3d25%26ev%3d3-755c12f8950b457c9c55394493becca8%26pname%3dTripleLift%26api-tier%3d1%26uid%3d%24UID @ https://p3y4viy58ctaw5axk.ay.delivery/client-v2.js:6
[   10310ms] [ERROR] Failed to load resource: the server responded with a status of 400 () @ https://match.prod.bidr.io/cookie-sync/ox?gdpr=0&gdpr_consent=null:0
[   10310ms] [ERROR] Failed to load resource: the server responded with a status of 400 () @ https://match.prod.bidr.io/cookie-sync/ox?gdpr=0&gdpr_consent=null:0
[   10310ms] [ERROR] Failed to load resource: the server responded with a status of 400 () @ https://match.prod.bidr.io/cookie-sync/ox?gdpr=0&gdpr_consent=null:0
[   23151ms] [ERROR] Failed to load resource: net::ERR_NAME_NOT_RESOLVED @ https://rt.marphezis.com/sync?dpid=3&uid=e00fb2c2-2a9e-4af4-beaf-82391bd132c3:0
[   25579ms] [ERROR] Failed to load resource: the server responded with a status of 400 () @ https://ssum-sec.casalemedia.com/usermatch?s=194558&cb=https%3A%2F%2Fu-ams.4dex.io%2Fsetuid%3Fbidder%3Dindexexchange%26it%3Dortb%26uid%3D:0
[   25664ms] [ERROR] Failed to load resource: the server responded with a status of 400 () @ https://eb2.3lift.com/xuid?idenv=:0
[   10310ms] [ERROR] Failed to load resource: the server responded with a status of 400 () @ https://match.prod.bidr.io/cookie-sync/ox?gdpr=0&gdpr_consent=null:0
[   23151ms] [ERROR] Failed to load resource: net::ERR_NAME_NOT_RESOLVED @ https://rt.marphezis.com/sync?dpid=3&uid=e00fb2c2-2a9e-4af4-beaf-82391bd132c3:0
[   26192ms] [ERROR] Attestation check for Shared Storage on https://www.googleadservices.com failed. @ https://www.googleadservices.com/pagead/managed/js/activeview/current/reach_worklet.html:0
[   26206ms] [ERROR] Attestation check for Shared Storage on https://www.googleadservices.com failed. @ https://www.googleadservices.com/pagead/managed/js/activeview/current/reach_worklet.html:0
[   26210ms] [ERROR] Attestation check for Shared Storage on https://www.googleadservices.com failed. @ https://www.googleadservices.com/pagead/managed/js/activeview/current/reach_worklet.html:0
[   26218ms] [ERROR] Attestation check for Shared Storage on https://www.googleadservices.com failed. @ https://www.googleadservices.com/pagead/managed/js/activeview/current/reach_worklet.html:0
[   26504ms] [ERROR] Failed to load resource: the server responded with a status of 404 (Not Found) @ https://b1sync.zemanta.com/usersync/ogury/?gdpr=0&gdpr_consent=&cb=https%3A%2F%2Fms-cookie-sync.presage.io%2Fuser-sync%3Foutbrain_id%3D__ZUID__:0
[   27319ms] [TIMEEND] a: 0.007080078125 ms @ https://static.adsafeprotected.com/sca.17.6.4.js:31
[   25664ms] [ERROR] Failed to load resource: the server responded with a status of 400 () @ https://eb2.3lift.com/xuid?idenv=:0
[   25664ms] [ERROR] Failed to load resource: the server responded with a status of 400 () @ https://eb2.3lift.com/xuid?idenv=:0
[   10310ms] [ERROR] Failed to load resource: the server responded with a status of 400 () @ https://match.prod.bidr.io/cookie-sync/ox?gdpr=0&gdpr_consent=null:0
[   23151ms] [ERROR] Failed to load resource: net::ERR_NAME_NOT_RESOLVED @ https://rt.marphezis.com/sync?dpid=3&uid=e00fb2c2-2a9e-4af4-beaf-82391bd132c3:0
[   29270ms] [ERROR] Failed to load resource: net::ERR_TOO_MANY_REDIRECTS @ https://user-sync.fwmrm.net/ad/u?mode=user-register&dspid=34&gdpr=0&gdpr_consent=&us_privacy=&gpp=&gpp_sid=&_fw_is_lat=&_fw_atts=&_fw_coppa=&dspuid=599c273e-b4a0-4393-a36e-e0223257f177:0
[   29390ms] [ERROR] Failed to load resource: the server responded with a status of 404 () @ https://ittpx.eskimi.com/sync?sp_id=238&gdpr=undefined&gdpr_consent=undefined&us_privacy=undefined&gpp=undefined&gpp_sid=undefined:0
[   29390ms] [ERROR] Failed to load resource: the server responded with a status of 404 () @ https://ittpx.eskimi.com/sync?sp_id=238&gdpr=undefined&gdpr_consent=undefined&us_privacy=undefined&gpp=undefined&gpp_sid=undefined:0
[   29407ms] [ERROR] Failed to load resource: the server responded with a status of 404 () @ https://ittpx.eskimi.com/sync?sp_id=238&gdpr=undefined&gdpr_consent=undefined&us_privacy=undefined&gpp=undefined&gpp_sid=undefined:0
[   32014ms] [DIR] SyntaxError @ https://js.ad-score.com/score.min.js?pid=1000941&tt=g:1
[   32379ms] [WARNING] The powerPreference option is currently ignored when calling requestAdapter() on Windows. See https://crbug.com/369219127 @ https://js.ad-score.com/score.min.js?pid=1000941&tt=g:1
